
=== app crash log started at 2026-05-16 05:44:12.692 ===
Command: logcat -b crash -b main -b system -b events -v threadtime AndroidRuntime:E ActivityManager:W ActivityTaskManager:W am_crash:I am_anr:I wm_crash:I DEBUG:E libc:F Process:E Pine:E PineEnhances:E PineXposed:E Xposed:E LSPosed:E PixelParts:E *:S
--------- beginning of crash
05-16 04:51:13.456 23192 23192 F libc    : Fatal signal 11 (SIGSEGV), code 1 (SEGV_MAPERR), fault addr 0x20 in tid 23192 (s.nexuslauncher), pid 23192 (s.nexuslauncher)
05-16 04:58:54.134 26571 26571 E AndroidRuntime: FATAL EXCEPTION: main
05-16 04:58:54.134 26571 26571 E AndroidRuntime: Process: com.google.android.apps.nexuslauncher, PID: 26571
05-16 04:58:54.134 26571 26571 E AndroidRuntime: java.lang.IllegalArgumentException: Expected receiver of type android.view.View, but got v9.g
05-16 04:58:54.134 26571 26571 E AndroidRuntime: 	at java.lang.reflect.Method.invoke(Native Method)
05-16 04:58:54.134 26571 26571 E AndroidRuntime: 	at top.canyie.pine.Pine.callBackupMethod(Pine.java:501)
05-16 04:58:54.134 26571 26571 E AndroidRuntime: 	at top.canyie.pine.Pine$CallFrame.invokeOriginalMethod(Pine.java:1092)
05-16 04:58:54.134 26571 26571 E AndroidRuntime: 	at top.canyie.pine.Pine.handleCall(Pine.java:753)
05-16 04:58:54.134 26571 26571 E AndroidRuntime: 	at top.canyie.pine.entry.Arm64Entry.handleBridge(Arm64Entry.java:158)
05-16 04:58:54.134 26571 26571 E AndroidRuntime: 	at top.canyie.pine.entry.Arm64Entry.voidBridge(Arm64Entry.java:23)
05-16 04:58:54.134 26571 26571 E AndroidRuntime: 	at org.pixel.customparts.addon.recents.RecentsTuneTestAddon.handlePreDraw(RecentsTuneTestAddon.java:605)
05-16 04:58:54.134 26571 26571 E AndroidRuntime: 	at org.pixel.customparts.addon.recents.RecentsTuneTestAddon.-$$Nest$mhandlePreDraw(Unknown Source:0)
05-16 04:58:54.134 26571 26571 E AndroidRuntime: 	at org.pixel.customparts.addon.recents.RecentsTuneTestAddon$4$1.onPreDraw(RecentsTuneTestAddon.java:351)
05-16 04:58:54.134 26571 26571 E AndroidRuntime: 	at android.view.ViewTreeObserver.dispatchOnPreDraw(ViewTreeObserver.java:1179)
05-16 04:58:54.134 26571 26571 E AndroidRuntime: 	at android.view.ViewRootImpl.performTraversals(ViewRootImpl.java:4564)
05-16 04:58:54.134 26571 26571 E AndroidRuntime: 	at android.view.ViewRootImpl.doTraversal(ViewRootImpl.java:3158)
05-16 04:58:54.134 26571 26571 E AndroidRuntime: 	at android.view.ViewRootImpl$TraversalRunnable.run(ViewRootImpl.java:10884)
05-16 04:58:54.134 26571 26571 E AndroidRuntime: 	at android.view.Choreographer$CallbackRecord.run(Choreographer.java:1647)
05-16 04:58:54.134 26571 26571 E AndroidRuntime: 	at android.view.Choreographer$CallbackRecord.run(Choreographer.java:1656)
05-16 04:58:54.134 26571 26571 E AndroidRuntime: 	at android.view.Choreographer.doCallbacks(Choreographer.java:1252)
05-16 04:58:54.134 26571 26571 E AndroidRuntime: 	at android.view.Choreographer.doFrame(Choreographer.java:1178)
05-16 04:58:54.134 26571 26571 E AndroidRuntime: 	at android.view.Choreographer$FrameDisplayEventReceiver.run(Choreographer.java:1630)
05-16 04:58:54.134 26571 26571 E AndroidRuntime: 	at android.os.Handler.handleCallback(Handler.java:1070)
05-16 04:58:54.134 26571 26571 E AndroidRuntime: 	at android.os.Handler.dispatchMessage(Handler.java:125)
05-16 04:58:54.134 26571 26571 E AndroidRuntime: 	at android.os.Looper.dispatchMessage(Looper.java:333)
05-16 04:58:54.134 26571 26571 E AndroidRuntime: 	at android.os.Looper.loopOnce(Looper.java:263)
05-16 04:58:54.134 26571 26571 E AndroidRuntime: 	at android.os.Looper.loop(Looper.java:367)
05-16 04:58:54.134 26571 26571 E AndroidRuntime: 	at android.app.ActivityThread.main(ActivityThread.java:9387)
05-16 04:58:54.134 26571 26571 E AndroidRuntime: 	at java.lang.reflect.Method.invoke(Native Method)
05-16 04:58:54.134 26571 26571 E AndroidRuntime: 	at com.android.internal.os.RuntimeInit$MethodAndArgsCaller.run(RuntimeInit.java:569)
05-16 04:58:54.134 26571 26571 E AndroidRuntime: 	at com.android.internal.os.ZygoteInit.main(ZygoteInit.java:929)
05-16 05:10:08.325 28978 28978 F libc    : Fatal signal 11 (SIGSEGV), code 1 (SEGV_MAPERR), fault addr 0xfffffff8 in tid 28978 (s.nexuslauncher), pid 28978 (s.nexuslauncher)
05-16 05:24:54.942  3181  3181 F libc    : Fatal signal 11 (SIGSEGV), code 1 (SEGV_MAPERR), fault addr 0x7f0d01a5 in tid 3181 (s.nexuslauncher), pid 3181 (s.nexuslauncher)
--------- beginning of system
05-16 05:25:37.475  1560 16447 W ActivityManager: Unable to start service Intent { act=app.revanced.android.gms.measurement.START xflg=0x4 pkg=app.revanced.android.gms } U=0: not found
05-16 05:25:37.475  1560 16447 W ActivityManager: Unbind failed: could not find connection for android.os.BinderProxy@7144ac7
05-16 05:25:37.625  1560  4348 W ActivityManager: Unable to start service Intent { act=app.revanced.android.gms.icing.LIGHTWEIGHT_INDEX_SERVICE xflg=0x4 pkg=app.revanced.android.gms } U=0: not found
05-16 05:25:37.626  1560  4348 W ActivityManager: Unbind failed: could not find connection for android.os.BinderProxy@26784fa
05-16 05:25:37.627  1560  2452 W ActivityManager: Unable to start service Intent { act=com.google.android.gms.icing.APP_INDEXING_SERVICE xflg=0x4 pkg=app.revanced.android.gms } U=0: not found
05-16 05:25:37.627  1560  2452 W ActivityManager: Unbind failed: could not find connection for android.os.BinderProxy@47b3b4c
05-16 05:25:40.374  1560  2452 W ActivityManager: Unable to start service Intent { act=app.revanced.android.c2dm.intent.REGISTER xflg=0x4 pkg=app.revanced.android.gms } U=0: not found
05-16 05:25:40.374  1560  2452 W ActivityManager: Unbind failed: could not find connection for android.os.BinderProxy@4178d5c
05-16 05:25:41.877  1560  2453 W ActivityManager: Unable to start service Intent { act=app.revanced.android.gms.cast.service.BIND_CAST_DEVICE_CONTROLLER_SERVICE xflg=0x4 pkg=app.revanced.android.gms } U=0: not found
05-16 05:25:41.879  1560  2452 W ActivityManager: Unbind failed: could not find connection for android.os.BinderProxy@bad86e
05-16 05:25:42.128  1560  4348 W ActivityManager: Unable to start service Intent { act=app.revanced.android.c2dm.intent.REGISTER xflg=0x4 pkg=app.revanced.android.gms } U=0: not found
05-16 05:25:42.128  1560  4348 W ActivityManager: Unbind failed: could not find connection for android.os.BinderProxy@6d89215
05-16 05:25:45.271  1560  2453 W ActivityManager: Unable to start service Intent { act=app.revanced.android.c2dm.intent.REGISTER xflg=0x4 pkg=app.revanced.android.gms } U=0: not found
05-16 05:25:45.271  1560  2453 W ActivityManager: Unbind failed: could not find connection for android.os.BinderProxy@b97d320
05-16 05:25:45.791  1560  4348 W ActivityManager: Unable to start service Intent { act=app.revanced.android.c2dm.intent.REGISTER xflg=0x4 pkg=app.revanced.android.gms } U=0: not found
05-16 05:25:45.791  1560  4348 W ActivityManager: Unbind failed: could not find connection for android.os.BinderProxy@7b7e29b
05-16 05:25:45.855  1560  4962 W ActivityManager: Unable to start service Intent { act=app.revanced.android.c2dm.intent.REGISTER xflg=0x4 pkg=app.revanced.android.gms } U=0: not found
05-16 05:25:45.855  1560  4962 W ActivityManager: Unbind failed: could not find connection for android.os.BinderProxy@6d41102
05-16 05:25:45.861  1560  4962 W ActivityManager: Unable to start service Intent { act=app.revanced.android.gms.clearcut.service.START xflg=0x4 pkg=app.revanced.android.gms } U=0: not found
05-16 05:25:45.861  1560  2453 W ActivityManager: Unbind failed: could not find connection for android.os.BinderProxy@a564450
05-16 05:25:46.759  1560  2453 W ActivityManager: Scheduling restart of crashed service com.yandex.iot/io.appmetrica.analytics.internal.AppMetricaService in 10000ms for connection
05-16 05:25:46.768  1560  4169 W ActivityManager: Scheduling restart of crashed service com.yandex.iot/com.yandex.passport.internal.provider.communication.HostCommunicationService in 10000ms for connection
05-16 05:25:48.771  1560  2159 W ActivityManager: Unable to start service Intent { act=app.revanced.android.gms.droidguard.service.START xflg=0x4 pkg=app.revanced.android.gms } U=0: not found
05-16 05:25:48.772  1560  2159 W ActivityManager: Unbind failed: could not find connection for android.os.BinderProxy@f6a0df3
05-16 05:25:52.947  1560  2453 W ActivityManager: Unable to start service Intent { act=app.revanced.android.c2dm.intent.REGISTER xflg=0x4 pkg=app.revanced.android.gms } U=0: not found
05-16 05:25:52.947  1560  2453 W ActivityManager: Unbind failed: could not find connection for android.os.BinderProxy@e02e114
05-16 05:26:00.903  1560  2159 W ActivityManager: pid 7073 com.yandex.iot sent binder code 1 with flags 2 and got error -2147483646
05-16 05:26:00.908  1560  2159 W ActivityManager: ProcessRecord{f017271 0:android.process.acore/u0a294} is attached to a previous process 18906
05-16 05:26:07.057  1560  2159 W ActivityManager: Unable to start service Intent { act=app.revanced.android.c2dm.intent.REGISTER xflg=0x4 pkg=app.revanced.android.gms } U=0: not found
05-16 05:26:07.058  1560  2159 W ActivityManager: Unbind failed: could not find connection for android.os.BinderProxy@fe1b087
05-16 05:26:15.918  1560  4435 W ActivityManager: Unable to start service Intent { act=app.revanced.android.c2dm.intent.REGISTER xflg=0x4 pkg=app.revanced.android.gms } U=0: not found
05-16 05:26:15.919  1560  4435 W ActivityManager: Unbind failed: could not find connection for android.os.BinderProxy@3449a9e
05-16 05:26:15.933  1560  4435 W ActivityManager: Unable to start service Intent { act=app.revanced.android.gms.clearcut.service.START xflg=0x4 pkg=app.revanced.android.gms } U=0: not found
05-16 05:26:15.933  1560  4435 W ActivityManager: Unbind failed: could not find connection for android.os.BinderProxy@3fe8d4c
05-16 05:26:28.774  1560  4435 W ActivityManager: Unable to start service Intent { act=app.revanced.android.c2dm.intent.REGISTER xflg=0x4 pkg=app.revanced.android.gms } U=0: not found
05-16 05:26:28.775  1560  4435 W ActivityManager: Unbind failed: could not find connection for android.os.BinderProxy@7ddde9b
05-16 05:26:28.793  1560  4435 W ActivityManager: Unable to start service Intent { act=app.revanced.android.c2dm.intent.REGISTER xflg=0x4 pkg=app.revanced.android.gms } U=0: not found
05-16 05:26:28.794  1560  4435 W ActivityManager: Unbind failed: could not find connection for android.os.BinderProxy@a2d3238
05-16 05:26:30.740  1560  2159 W ActivityManager: Unable to start service Intent { act=app.revanced.android.c2dm.intent.REGISTER xflg=0x4 pkg=app.revanced.android.gms } U=0: not found
05-16 05:26:30.741  1560  2159 W ActivityManager: Unbind failed: could not find connection for android.os.BinderProxy@9dba211
05-16 05:26:34.513  1560  2417 W ActivityManager: Unable to start service Intent { act=app.revanced.android.c2dm.intent.REGISTER xflg=0x4 pkg=app.revanced.android.gms } U=0: not found
05-16 05:26:34.515  1560  2417 W ActivityManager: Unbind failed: could not find connection for android.os.BinderProxy@f31c977
05-16 05:26:39.947  1560  2417 W ActivityManager: Unable to start service Intent { act=app.revanced.android.c2dm.intent.REGISTER xflg=0x4 pkg=app.revanced.android.gms } U=0: not found
05-16 05:26:39.948  1560  2417 W ActivityManager: Unbind failed: could not find connection for android.os.BinderProxy@6e5e17c
05-16 05:26:45.783  1560  2159 W ActivityManager: Unable to start service Intent { act=app.revanced.android.gms.clearcut.service.START xflg=0x4 pkg=app.revanced.android.gms } U=0: not found
05-16 05:26:45.784  1560  2159 W ActivityManager: Unbind failed: could not find connection for android.os.BinderProxy@85564bd
05-16 05:26:48.792  1560  2417 W ActivityManager: Unable to start service Intent { act=app.revanced.android.c2dm.intent.REGISTER xflg=0x4 pkg=app.revanced.android.gms } U=0: not found
05-16 05:26:48.793  1560  2417 W ActivityManager: Unbind failed: could not find connection for android.os.BinderProxy@d096e75
05-16 05:27:15.993  1560  2417 W ActivityManager: Unable to start service Intent { act=app.revanced.android.c2dm.intent.REGISTER xflg=0x4 pkg=app.revanced.android.gms } U=0: not found
05-16 05:27:15.993  1560  2417 W ActivityManager: Unbind failed: could not find connection for android.os.BinderProxy@e8fd0d6
05-16 05:27:16.000  1560  2417 W ActivityManager: Unable to start service Intent { act=app.revanced.android.gms.clearcut.service.START xflg=0x4 pkg=app.revanced.android.gms } U=0: not found
05-16 05:27:16.001  1560  2417 W ActivityManager: Unbind failed: could not find connection for android.os.BinderProxy@614f57
05-16 05:27:16.063  1560  2159 W ActivityManager: Unable to start service Intent { act=app.revanced.android.c2dm.intent.REGISTER xflg=0x4 pkg=app.revanced.android.gms } U=0: not found
05-16 05:27:16.064  1560  2159 W ActivityManager: Unbind failed: could not find connection for android.os.BinderProxy@88df72d
05-16 05:28:15.985  1560  4435 W ActivityManager: Unable to start service Intent { act=app.revanced.android.gms.clearcut.service.START xflg=0x4 pkg=app.revanced.android.gms } U=0: not found
05-16 05:28:15.985  1560  4435 W ActivityManager: Unbind failed: could not find connection for android.os.BinderProxy@6745972
05-16 05:29:12.909  1560  1971 W ActivityManager: Unable to start service Intent { act=app.revanced.android.gms.measurement.START xflg=0x4 pkg=app.revanced.android.gms } U=0: not found
05-16 05:29:12.909  1560  1971 W ActivityManager: Unbind failed: could not find connection for android.os.BinderProxy@fec3903
05-16 05:29:14.922  1560  4348 W ActivityManager: Unable to start service Intent { act=app.revanced.android.gms.measurement.START xflg=0x4 pkg=app.revanced.android.gms } U=0: not found
05-16 05:29:14.922  1560  4348 W ActivityManager: Unbind failed: could not find connection for android.os.BinderProxy@478c5e5
05-16 05:29:16.050  1560  4345 W ActivityManager: Unable to start service Intent { act=app.revanced.android.c2dm.intent.REGISTER xflg=0x4 pkg=app.revanced.android.gms } U=0: not found
05-16 05:29:16.051  1560  4345 W ActivityManager: Unbind failed: could not find connection for android.os.BinderProxy@28d3ec8
05-16 05:29:16.062  1560  4345 W ActivityManager: Unable to start service Intent { act=app.revanced.android.gms.clearcut.service.START xflg=0x4 pkg=app.revanced.android.gms } U=0: not found
05-16 05:29:16.063  1560  4345 W ActivityManager: Unbind failed: could not find connection for android.os.BinderProxy@5f4db61
05-16 05:30:16.043  1560 16194 W ActivityManager: Unable to start service Intent { act=app.revanced.android.gms.clearcut.service.START xflg=0x4 pkg=app.revanced.android.gms } U=0: not found
05-16 05:30:16.045  1560 16194 W ActivityManager: Unbind failed: could not find connection for android.os.BinderProxy@5eff284
05-16 05:31:37.270  1560  4177 W ActivityManager: Unable to start service Intent { act=app.revanced.android.c2dm.intent.REGISTER xflg=0x4 pkg=app.revanced.android.gms } U=0: not found
05-16 05:31:37.270  1560  4177 W ActivityManager: Unbind failed: could not find connection for android.os.BinderProxy@38765
05-16 05:31:37.373  1560  4177 W ActivityManager: Unable to start service Intent { act=app.revanced.android.c2dm.intent.REGISTER xflg=0x4 pkg=app.revanced.android.gms } U=0: not found
05-16 05:31:37.374  1560  4177 W ActivityManager: Unbind failed: could not find connection for android.os.BinderProxy@8197892
05-16 05:31:37.389  1560  4177 W ActivityManager: Unable to start service Intent { act=app.revanced.android.gms.clearcut.service.START xflg=0x4 pkg=app.revanced.android.gms } U=0: not found
05-16 05:31:37.389  1560  4177 W ActivityManager: Unbind failed: could not find connection for android.os.BinderProxy@93a5e60
05-16 05:31:38.926  1560  4177 W ActivityManager: Unable to start service Intent { act=app.revanced.android.c2dm.intent.REGISTER xflg=0x4 pkg=app.revanced.android.gms } U=0: not found
05-16 05:31:38.927  1560  4177 W ActivityManager: Unbind failed: could not find connection for android.os.BinderProxy@e57008c
05-16 05:31:41.525  1560  4177 W ActivityManager: Unable to start service Intent { act=app.revanced.android.c2dm.intent.REGISTER xflg=0x4 pkg=app.revanced.android.gms } U=0: not found
05-16 05:31:41.525  1560  4177 W ActivityManager: Unbind failed: could not find connection for android.os.BinderProxy@eb99978
05-16 05:31:46.493  1560  4182 W ActivityManager: Unable to start service Intent { act=app.revanced.android.c2dm.intent.REGISTER xflg=0x4 pkg=app.revanced.android.gms } U=0: not found
05-16 05:31:46.495  1560  4182 W ActivityManager: Unbind failed: could not find connection for android.os.BinderProxy@48250a8
05-16 05:31:54.624  1560  3987 W ActivityManager: Unable to start service Intent { act=app.revanced.android.c2dm.intent.REGISTER xflg=0x4 pkg=app.revanced.android.gms } U=0: not found
05-16 05:31:54.625  1560  3987 W ActivityManager: Unbind failed: could not find connection for android.os.BinderProxy@8c29df9
05-16 05:32:07.425  1560  4177 W ActivityManager: Unable to start service Intent { act=app.revanced.android.c2dm.intent.REGISTER xflg=0x4 pkg=app.revanced.android.gms } U=0: not found
05-16 05:32:07.426  1560  4177 W ActivityManager: Unbind failed: could not find connection for android.os.BinderProxy@e5685ee
05-16 05:32:07.432  1560  4177 W ActivityManager: Unable to start service Intent { act=app.revanced.android.gms.clearcut.service.START xflg=0x4 pkg=app.revanced.android.gms } U=0: not found
05-16 05:32:07.432  1560  4177 W ActivityManager: Unbind failed: could not find connection for android.os.BinderProxy@bb9ba8f
05-16 05:32:20.651  1560  1971 W ActivityManager: Unable to start service Intent { act=app.revanced.android.c2dm.intent.REGISTER xflg=0x4 pkg=app.revanced.android.gms } U=0: not found
05-16 05:32:20.651  1560  1971 W ActivityManager: Unbind failed: could not find connection for android.os.BinderProxy@4f51e3
05-16 05:32:37.237  1560  4348 W ActivityManager: Unable to start service Intent { act=app.revanced.android.gms.clearcut.service.START xflg=0x4 pkg=app.revanced.android.gms } U=0: not found
05-16 05:32:37.238  1560  4348 W ActivityManager: Unbind failed: could not find connection for android.os.BinderProxy@7c4fc09
05-16 05:33:07.503  1560  4182 W ActivityManager: Unable to start service Intent { act=app.revanced.android.c2dm.intent.REGISTER xflg=0x4 pkg=app.revanced.android.gms } U=0: not found
05-16 05:33:07.504  1560  4182 W ActivityManager: Unbind failed: could not find connection for android.os.BinderProxy@7457115
05-16 05:33:07.515  1560  4182 W ActivityManager: Unable to start service Intent { act=app.revanced.android.gms.clearcut.service.START xflg=0x4 pkg=app.revanced.android.gms } U=0: not found
05-16 05:33:07.515  1560  4182 W ActivityManager: Unbind failed: could not find connection for android.os.BinderProxy@c43bc2a
05-16 05:34:07.491  1560 16194 W ActivityManager: Unable to start service Intent { act=app.revanced.android.gms.clearcut.service.START xflg=0x4 pkg=app.revanced.android.gms } U=0: not found
05-16 05:34:07.493  1560 16194 W ActivityManager: Unbind failed: could not find connection for android.os.BinderProxy@2c403b6
05-16 05:35:07.685  1560  4177 W ActivityManager: Unable to start service Intent { act=app.revanced.android.c2dm.intent.REGISTER xflg=0x4 pkg=app.revanced.android.gms } U=0: not found
05-16 05:35:07.687  1560  4177 W ActivityManager: Unbind failed: could not find connection for android.os.BinderProxy@e585617
05-16 05:35:07.697  1560  4177 W ActivityManager: Unable to start service Intent { act=app.revanced.android.gms.clearcut.service.START xflg=0x4 pkg=app.revanced.android.gms } U=0: not found
05-16 05:35:07.698  1560  4177 W ActivityManager: Unbind failed: could not find connection for android.os.BinderProxy@2a1da04
05-16 05:36:07.669  1560  4182 W ActivityManager: Unable to start service Intent { act=app.revanced.android.gms.clearcut.service.START xflg=0x4 pkg=app.revanced.android.gms } U=0: not found
05-16 05:36:07.671  1560  4182 W ActivityManager: Unbind failed: could not find connection for android.os.BinderProxy@b4d1df2
05-16 05:36:37.803  1560  4182 W ActivityManager: Unable to start service Intent { act=app.revanced.android.c2dm.intent.REGISTER xflg=0x4 pkg=app.revanced.android.gms } U=0: not found
05-16 05:36:37.804  1560  4182 W ActivityManager: Unbind failed: could not find connection for android.os.BinderProxy@664e03b
05-16 05:36:37.820  1560  4182 W ActivityManager: Unable to start service Intent { act=app.revanced.android.gms.cast.service.BIND_CAST_DEVICE_CONTROLLER_SERVICE xflg=0x4 pkg=app.revanced.android.gms } U=0: not found
05-16 05:36:37.821  1560  4182 W ActivityManager: Unbind failed: could not find connection for android.os.BinderProxy@de7a358
05-16 05:36:37.825  1560  2159 W ActivityManager: Unable to start service Intent { act=app.revanced.android.gms.measurement.START xflg=0x4 pkg=app.revanced.android.gms } U=0: not found
05-16 05:36:37.826  1560  2159 W ActivityManager: Unbind failed: could not find connection for android.os.BinderProxy@d758cb1
05-16 05:36:37.976  1560  1971 W ActivityManager: Unable to start service Intent { act=app.revanced.android.c2dm.intent.REGISTER xflg=0x4 pkg=app.revanced.android.gms } U=0: not found
05-16 05:36:37.977  1560  2159 W ActivityManager: Unbind failed: could not find connection for android.os.BinderProxy@c3cd21e
05-16 05:36:37.982  1560  2159 W ActivityManager: Unable to start service Intent { act=app.revanced.android.gms.clearcut.service.START xflg=0x4 pkg=app.revanced.android.gms } U=0: not found
05-16 05:36:37.984  1560  2159 W ActivityManager: Unbind failed: could not find connection for android.os.BinderProxy@f1ecaff
05-16 05:36:38.645  6306  6306 E AndroidRuntime: FATAL EXCEPTION: main
05-16 05:36:38.645  6306  6306 E AndroidRuntime: Process: com.google.android.apps.nexuslauncher, PID: 6306
05-16 05:36:38.645  6306  6306 E AndroidRuntime: java.lang.IllegalArgumentException: Expected receiver of type android.view.View, but got kotlinx.coroutines.z1
05-16 05:36:38.645  6306  6306 E AndroidRuntime: 	at java.lang.reflect.Method.invoke(Native Method)
05-16 05:36:38.645  6306  6306 E AndroidRuntime: 	at top.canyie.pine.Pine.callBackupMethod(Pine.java:501)
05-16 05:36:38.645  6306  6306 E AndroidRuntime: 	at top.canyie.pine.Pine$CallFrame.invokeOriginalMethod(Pine.java:1092)
05-16 05:36:38.645  6306  6306 E AndroidRuntime: 	at top.canyie.pine.Pine.handleCall(Pine.java:753)
05-16 05:36:38.645  6306  6306 E AndroidRuntime: 	at top.canyie.pine.entry.Arm64Entry.handleBridge(Arm64Entry.java:158)
05-16 05:36:38.645  6306  6306 E AndroidRuntime: 	at top.canyie.pine.entry.Arm64Entry.voidBridge(Arm64Entry.java:23)
05-16 05:36:38.645  6306  6306 E AndroidRuntime: 	at org.pixel.customparts.addon.recents.RecentsTuneTestAddon.handlePreDraw(RecentsTuneTestAddon.java:531)
05-16 05:36:38.645  6306  6306 E AndroidRuntime: 	at org.pixel.customparts.addon.recents.RecentsTuneTestAddon.-$$Nest$mhandlePreDraw(Unknown Source:0)
05-16 05:36:38.645  6306  6306 E AndroidRuntime: 	at org.pixel.customparts.addon.recents.RecentsTuneTestAddon$3$1.onPreDraw(RecentsTuneTestAddon.java:325)
05-16 05:36:38.645  6306  6306 E AndroidRuntime: 	at android.view.ViewTreeObserver.dispatchOnPreDraw(ViewTreeObserver.java:1179)
05-16 05:36:38.645  6306  6306 E AndroidRuntime: 	at android.view.ViewRootImpl.performTraversals(ViewRootImpl.java:4564)
05-16 05:36:38.645  6306  6306 E AndroidRuntime: 	at android.view.ViewRootImpl.doTraversal(ViewRootImpl.java:3158)
05-16 05:36:38.645  6306  6306 E AndroidRuntime: 	at android.view.ViewRootImpl$TraversalRunnable.run(ViewRootImpl.java:10884)
05-16 05:36:38.645  6306  6306 E AndroidRuntime: 	at android.view.Choreographer$CallbackRecord.run(Choreographer.java:1647)
05-16 05:36:38.645  6306  6306 E AndroidRuntime: 	at android.view.Choreographer$CallbackRecord.run(Choreographer.java:1656)
05-16 05:36:38.645  6306  6306 E AndroidRuntime: 	at android.view.Choreographer.doCallbacks(Choreographer.java:1252)
05-16 05:36:38.645  6306  6306 E AndroidRuntime: 	at android.view.Choreographer.doFrame(Choreographer.java:1178)
05-16 05:36:38.645  6306  6306 E AndroidRuntime: 	at android.view.Choreographer$FrameDisplayEventReceiver.run(Choreographer.java:1630)
05-16 05:36:38.645  6306  6306 E AndroidRuntime: 	at android.os.Handler.handleCallback(Handler.java:1070)
05-16 05:36:38.645  6306  6306 E AndroidRuntime: 	at android.os.Handler.dispatchMessage(Handler.java:125)
05-16 05:36:38.645  6306  6306 E AndroidRuntime: 	at android.os.Looper.dispatchMessage(Looper.java:333)
05-16 05:36:38.645  6306  6306 E AndroidRuntime: 	at android.os.Looper.loopOnce(Looper.java:263)
05-16 05:36:38.645  6306  6306 E AndroidRuntime: 	at android.os.Looper.loop(Looper.java:367)
05-16 05:36:38.645  6306  6306 E AndroidRuntime: 	at android.app.ActivityThread.main(ActivityThread.java:9387)
05-16 05:36:38.645  6306  6306 E AndroidRuntime: 	at java.lang.reflect.Method.invoke(Native Method)
05-16 05:36:38.645  6306  6306 E AndroidRuntime: 	at com.android.internal.os.RuntimeInit$MethodAndArgsCaller.run(RuntimeInit.java:569)
05-16 05:36:38.645  6306  6306 E AndroidRuntime: 	at com.android.internal.os.ZygoteInit.main(ZygoteInit.java:929)
05-16 05:36:38.651  1560  4177 W ActivityTaskManager:   Not force finishing home activity com.google.android.apps.nexuslauncher/.NexusLauncherActivity
05-16 05:36:38.693  1560  2004 W ActivityManager: pid 1560 system sent binder code 1 with flags 1 and got error -32
05-16 05:36:38.696  1560  2004 W ActivityManager: pid 1560 system sent binder code 13 with flags 1 and got error -32
05-16 05:36:38.698  1560  2004 W ActivityManager: pid 1560 system sent binder code 55 with flags 1 and got error -32
05-16 05:36:38.700  1560 15953 W ActivityManager: pid 2182 com.android.systemui sent binder code 2 with flags 1 and got error -32
05-16 05:36:38.704  1560  4435 W ActivityManager: Scheduling restart of crashed service com.google.android.apps.nexuslauncher/com.android.launcher3.notification.NotificationListener in 10000ms for connection
05-16 05:36:38.704  1560  4435 W ActivityManager: Scheduling restart of crashed service com.google.android.apps.nexuslauncher/com.android.quickstep.TouchInteractionService in 30000ms for connection
05-16 05:36:38.761  1560  1615 W ActivityManager: setHasOverlayUi called on unknown pid: 6306
05-16 05:36:38.772  1560  2440 W ActivityManager: Unable to start service Intent { act=app.revanced.android.gms.clearcut.service.START xflg=0x4 pkg=app.revanced.android.gms } U=0: not found
05-16 05:36:38.772  1560  2440 W ActivityManager: Unbind failed: could not find connection for android.os.BinderProxy@8fe1f13
05-16 05:36:38.786  1560 16447 W ActivityManager: Unable to start service Intent { act=app.revanced.android.gms.measurement.START xflg=0x4 pkg=app.revanced.android.gms } U=0: not found
05-16 05:36:38.787  1560 16447 W ActivityManager: Unbind failed: could not find connection for android.os.BinderProxy@6e8567c
05-16 05:36:40.793  1560 16447 W ActivityManager: Unable to start service Intent { act=app.revanced.android.gms.measurement.START xflg=0x4 pkg=app.revanced.android.gms } U=0: not found
05-16 05:36:40.794  1560 16447 W ActivityManager: Unbind failed: could not find connection for android.os.BinderProxy@370b6e0
05-16 05:36:40.806  1560  4348 W ActivityManager: Unable to start service Intent { act=app.revanced.android.c2dm.intent.REGISTER xflg=0x4 pkg=app.revanced.android.gms } U=0: not found
05-16 05:36:40.806  1560  4348 W ActivityManager: Unbind failed: could not find connection for android.os.BinderProxy@ff64d99
05-16 05:36:42.767  1560 16447 W ActivityManager: Unable to start service Intent { act=app.revanced.android.c2dm.intent.REGISTER xflg=0x4 pkg=app.revanced.android.gms } U=0: not found
05-16 05:36:42.767  1560 16447 W ActivityManager: Unbind failed: could not find connection for android.os.BinderProxy@d8b16d1
05-16 05:36:43.709  1560  1613 W ActivityTaskManager: getAssistContextExtras failed: timeout retrieving from ActivityRecord{161264880 u0 org.telegram.messenger/.DefaultIcon t3980}
05-16 05:36:44.207  1560 15637 W ActivityTaskManager: callingPackage for (uid=-1, pid=-1) has no WPC
05-16 05:36:46.735  1560  4435 W ActivityManager: Unable to start service Intent { act=app.revanced.android.c2dm.intent.REGISTER xflg=0x4 pkg=app.revanced.android.gms } U=0: not found
05-16 05:36:46.736  1560  4435 W ActivityManager: Unbind failed: could not find connection for android.os.BinderProxy@f20e604
05-16 05:36:51.149  1560  2452 W ActivityManager: Unable to start service Intent { act=app.revanced.android.c2dm.intent.REGISTER xflg=0x4 pkg=app.revanced.android.gms } U=0: not found
05-16 05:36:51.150  1560  2452 W ActivityManager: Unbind failed: could not find connection for android.os.BinderProxy@384e81d
05-16 05:36:54.454  1560 16447 W ActivityTaskManager: Force removing ActivityRecord{185763689 u0 com.google.android.apps.nexuslauncher/.NexusLauncherActivity t3995 f}}: app died, no saved state
05-16 05:36:54.463  1560 16447 W ActivityManager: Invalid packageName: com.android.launcher3
05-16 05:36:54.465  1560  2452 W ActivityManager: Invalid packageName: com.google.android.apps.pixel.launcher
05-16 05:36:54.475  1560  1560 W ActivityManager: ProcessRecord{3d8d277 0:com.google.android.apps.nexuslauncher/u0a437} is attached to a previous process 10167
05-16 05:36:54.500  1560  2004 W ActivityManager: pid 1560 system sent binder code 13 with flags 1 and got error -32
05-16 05:36:54.502  1560  2452 W ActivityManager: pid 2182 com.android.systemui sent binder code 2 with flags 1 and got error -32
05-16 05:36:54.536  1560  1626 W ActivityManager: Slow operation: 60ms so far, now at startProcess: asking zygote to start proc
05-16 05:36:54.537  1560  1615 W ActivityManager: setHasOverlayUi called on unknown pid: 10167
05-16 05:36:54.546  1560  1626 W ActivityManager: Slow operation: 70ms so far, now at startProcess: returned from zygote!
05-16 05:36:54.546  1560  1626 W ActivityManager: Slow operation: 70ms so far, now at startProcess: done updating battery stats
05-16 05:36:54.546  1560  1626 W ActivityManager: Slow operation: 70ms so far, now at startProcess: building log message
05-16 05:36:54.546  1560  1626 W ActivityManager: Slow operation: 70ms so far, now at startProcess: starting to update pids map
05-16 05:36:54.546  1560  1626 W ActivityManager: Slow operation: 70ms so far, now at startProcess: done updating pids map
05-16 05:36:55.129  1560  2453 W ActivityTaskManager: callingPackage for (uid=1000, pid=1560) is ambiguous: [android, com.android.providers.settings, org.lineageos.lineagesettings, com.android.server.telecom, com.android.location.fused]
05-16 05:36:56.950 10414 10414 F libc    : Fatal signal 11 (SIGSEGV), code 1 (SEGV_MAPERR), fault addr 0x20 in tid 10414 (s.nexuslauncher), pid 10414 (s.nexuslauncher)
05-16 05:36:57.064  1560  2004 W ActivityManager: pid 1560 system sent binder code 1 with flags 1 and got error -32
05-16 05:36:57.066  1560  2004 W ActivityManager: pid 1560 system sent binder code 13 with flags 1 and got error -32
05-16 05:36:57.067  1560  2004 W ActivityManager: pid 1560 system sent binder code 55 with flags 1 and got error -32
05-16 05:36:57.082  1560  1616 W ActivityManager: pid 1560 system sent binder code 55 with flags 1 and got error -32
05-16 05:36:57.102  1560  4348 W ActivityManager: Scheduling restart of crashed service com.google.android.apps.nexuslauncher/com.android.quickstep.TouchInteractionService in 10000ms for connection
05-16 05:36:57.102  1560  4348 W ActivityManager: Scheduling restart of crashed service com.google.android.apps.nexuslauncher/com.android.launcher3.notification.NotificationListener in 30000ms for connection
05-16 05:36:57.111  1560  1615 W ActivityManager: setHasOverlayUi called on unknown pid: 10414
05-16 05:36:59.251 10528 10528 F libc    : Fatal signal 11 (SIGSEGV), code 1 (SEGV_MAPERR), fault addr 0x20 in tid 10528 (s.nexuslauncher), pid 10528 (s.nexuslauncher)
05-16 05:36:59.452  1560  2004 W ActivityManager: pid 1560 system sent binder code 13 with flags 1 and got error -32
05-16 05:36:59.456  1560  2004 W ActivityManager: pid 1560 system sent binder code 55 with flags 1 and got error -32
05-16 05:36:59.465  1560  2004 W ActivityManager: pid 1560 system sent binder code 1 with flags 1 and got error -32
05-16 05:36:59.477  1560  2440 W ActivityManager: Scheduling restart of crashed service com.google.android.apps.nexuslauncher/com.android.launcher3.notification.NotificationListener in 120000ms for connection
05-16 05:36:59.477  1560  2440 W ActivityManager: Scheduling restart of crashed service com.google.android.apps.nexuslauncher/com.android.quickstep.TouchInteractionService in 1000ms for connection
05-16 05:36:59.485  1560  1615 W ActivityManager: setHasOverlayUi called on unknown pid: 10528
05-16 05:37:06.030  1560  2454 W ActivityTaskManager: callingPackage for (uid=-1, pid=-1) has no WPC
05-16 05:37:06.053  1560  1970 W ActivityManager: Unable to start service Intent { act=app.revanced.android.c2dm.intent.REGISTER xflg=0x4 pkg=app.revanced.android.gms } U=0: not found
05-16 05:37:06.053  1560  1970 W ActivityManager: Unbind failed: could not find connection for android.os.BinderProxy@714fca6
05-16 05:37:06.158  1560  2454 W ActivityManager: Unable to start service Intent { act=app.revanced.android.c2dm.intent.REGISTER xflg=0x4 pkg=app.revanced.android.gms } U=0: not found
05-16 05:37:06.158  1560  2454 W ActivityManager: Unbind failed: could not find connection for android.os.BinderProxy@cf6c8c4
05-16 05:37:06.314  1560  3982 W ActivityManager: Unable to start service Intent { act=app.revanced.android.gms.cast.service.BIND_CAST_DEVICE_CONTROLLER_SERVICE xflg=0x4 pkg=app.revanced.android.gms } U=0: not found
05-16 05:37:06.317  1560  3982 W ActivityManager: Unbind failed: could not find connection for android.os.BinderProxy@ac5921d
05-16 05:37:06.318  1560  3948 W ActivityManager: Unable to start service Intent { act=app.revanced.android.gms.measurement.START xflg=0x4 pkg=app.revanced.android.gms } U=0: not found
05-16 05:37:06.318  1560  3948 W ActivityManager: Unbind failed: could not find connection for android.os.BinderProxy@8123c92
05-16 05:37:06.352  1560 15637 W ActivityManager: Unable to start service Intent { act=app.revanced.android.c2dm.intent.REGISTER xflg=0x4 pkg=app.revanced.android.gms } U=0: not found
05-16 05:37:06.353  1560 15637 W ActivityManager: Unbind failed: could not find connection for android.os.BinderProxy@80decaf
05-16 05:37:06.375  1560 15637 W ActivityManager: Unable to start service Intent { act=app.revanced.android.gms.clearcut.service.START xflg=0x4 pkg=app.revanced.android.gms } U=0: not found
05-16 05:37:06.375  1560 15637 W ActivityManager: Unbind failed: could not find connection for android.os.BinderProxy@feabf66
05-16 05:37:06.431  1560  1560 W ActivityManager: pid 1560 system sent binder code 2 with flags 1 and got error -32
05-16 05:37:06.431  1560  1560 W ActivityManager: pid 1560 system sent binder code 2 with flags 1 and got error -32
05-16 05:37:06.734  1560  1613 W ActivityTaskManager: getAssistContextExtras failed: timeout retrieving from ActivityRecord{161264880 u0 org.telegram.messenger/.DefaultIcon t3980}
05-16 05:37:15.048  1560  1613 W ActivityTaskManager: getAssistContextExtras failed: timeout retrieving from ActivityRecord{237049424 u0 com.zhiliaoapp.musically/com.ss.android.ugc.aweme.splash.SplashActivity t3973}
05-16 05:37:18.424  1560  1613 W ActivityTaskManager: getAssistContextExtras failed: timeout retrieving from ActivityRecord{161264880 u0 org.telegram.messenger/.DefaultIcon t3980}
05-16 05:37:19.423 10725 10725 F libc    : Fatal signal 11 (SIGSEGV), code 1 (SEGV_MAPERR), fault addr 0x20 in tid 10725 (s.nexuslauncher), pid 10725 (s.nexuslauncher)
05-16 05:37:19.547  1560  2004 W ActivityManager: pid 1560 system sent binder code 13 with flags 1 and got error -32
05-16 05:37:19.549  1560  2004 W ActivityManager: pid 1560 system sent binder code 55 with flags 1 and got error -32
05-16 05:37:19.549  1560  2777 W ActivityManager: pid 2182 com.android.systemui sent binder code 2 with flags 1 and got error -32
05-16 05:37:19.551  1560  2004 W ActivityManager: pid 1560 system sent binder code 1 with flags 1 and got error -32
05-16 05:37:19.563  1560  1616 W ActivityManager: pid 1560 system sent binder code 55 with flags 1 and got error -32
05-16 05:37:19.592  1560 15637 W ActivityManager: Scheduling restart of crashed service com.google.android.apps.nexuslauncher/com.android.quickstep.TouchInteractionService in 10000ms for connection
05-16 05:37:19.592  1560 15637 W ActivityManager: Scheduling restart of crashed service com.google.android.apps.nexuslauncher/com.android.launcher3.notification.NotificationListener in 30000ms for connection
05-16 05:37:19.596  1560  1615 W ActivityManager: setHasOverlayUi called on unknown pid: 10725
05-16 05:37:20.221  1560  3987 W ActivityManager: Unable to start service Intent { act=app.revanced.android.gms.clearcut.service.START xflg=0x4 pkg=app.revanced.android.gms } U=0: not found
05-16 05:37:20.221  1560  3987 W ActivityManager: Unbind failed: could not find connection for android.os.BinderProxy@e09d61e
05-16 05:37:20.234  1560  3948 W ActivityManager: Unable to start service Intent { act=app.revanced.android.gms.measurement.START xflg=0x4 pkg=app.revanced.android.gms } U=0: not found
05-16 05:37:20.234  1560  3987 W ActivityManager: Unbind failed: could not find connection for android.os.BinderProxy@9dc9315
05-16 05:37:22.241  1560 15637 W ActivityManager: Unable to start service Intent { act=app.revanced.android.gms.measurement.START xflg=0x4 pkg=app.revanced.android.gms } U=0: not found
05-16 05:37:22.242  1560 15637 W ActivityManager: Unbind failed: could not find connection for android.os.BinderProxy@1b47151
05-16 05:37:22.986  1560  3948 W ActivityManager: Unable to start service Intent { act=app.revanced.android.c2dm.intent.REGISTER xflg=0x4 pkg=app.revanced.android.gms } U=0: not found
05-16 05:37:22.986  1560  3948 W ActivityManager: Unbind failed: could not find connection for android.os.BinderProxy@d2350c1
05-16 05:37:22.994  1560  3948 W ActivityManager: Unable to start service Intent { act=app.revanced.android.c2dm.intent.REGISTER xflg=0x4 pkg=app.revanced.android.gms } U=0: not found
05-16 05:37:22.994  1560  3948 W ActivityManager: Unbind failed: could not find connection for android.os.BinderProxy@ea6066
05-16 05:37:23.521  1560  3948 W ActivityTaskManager: callingPackage for (uid=-1, pid=-1) has no WPC
05-16 05:37:23.597  1560  4169 W ActivityManager: Unable to start service Intent { act=app.revanced.android.c2dm.intent.REGISTER xflg=0x4 pkg=app.revanced.android.gms } U=0: not found
05-16 05:37:23.597  1560  4169 W ActivityManager: Unbind failed: could not find connection for android.os.BinderProxy@ce57f33
05-16 05:37:23.605  1560  4169 W ActivityManager: Unable to start service Intent { act=app.revanced.android.gms.cast.service.BIND_CAST_DEVICE_CONTROLLER_SERVICE xflg=0x4 pkg=app.revanced.android.gms } U=0: not found
05-16 05:37:23.605  1560  4169 W ActivityManager: Unbind failed: could not find connection for android.os.BinderProxy@eeae2f0
05-16 05:37:23.608  1560  3987 W ActivityManager: Unable to start service Intent { act=app.revanced.android.gms.measurement.START xflg=0x4 pkg=app.revanced.android.gms } U=0: not found
05-16 05:37:23.608  1560  3987 W ActivityManager: Unbind failed: could not find connection for android.os.BinderProxy@c7f069
05-16 05:37:23.701  1560 15637 W ActivityManager: Unable to start service Intent { act=app.revanced.android.c2dm.intent.REGISTER xflg=0x4 pkg=app.revanced.android.gms } U=0: not found
05-16 05:37:23.703  1560 15637 W ActivityManager: Unbind failed: could not find connection for android.os.BinderProxy@9629950
05-16 05:37:23.707  1560  3987 W ActivityManager: Unable to start service Intent { act=app.revanced.android.gms.clearcut.service.START xflg=0x4 pkg=app.revanced.android.gms } U=0: not found
05-16 05:37:23.707  1560  3987 W ActivityManager: Unbind failed: could not find connection for android.os.BinderProxy@d91d749
05-16 05:37:24.710  1560  4169 W ActivityManager: Unable to start service Intent { act=app.revanced.android.c2dm.intent.REGISTER xflg=0x4 pkg=app.revanced.android.gms } U=0: not found
05-16 05:37:24.710  1560  4169 W ActivityManager: Unbind failed: could not find connection for android.os.BinderProxy@aa38a3f
05-16 05:37:26.908 11090 11090 F libc    : Fatal signal 11 (SIGSEGV), code 1 (SEGV_MAPERR), fault addr 0xc in tid 11090 (s.nexuslauncher), pid 11090 (s.nexuslauncher)
05-16 05:37:27.107  1560  2004 W ActivityManager: pid 1560 system sent binder code 13 with flags 1 and got error -32
05-16 05:37:27.109  1560  2004 W ActivityManager: pid 1560 system sent binder code 55 with flags 1 and got error -32
05-16 05:37:27.148  1560  1909 W ActivityManager: Scheduling restart of crashed service com.google.android.apps.nexuslauncher/com.android.quickstep.TouchInteractionService in 10000ms for connection
05-16 05:37:27.148  1560  1909 W ActivityManager: Scheduling restart of crashed service com.google.android.apps.nexuslauncher/com.android.launcher3.notification.NotificationListener in 120000ms for connection
05-16 05:37:27.153  1560  1615 W ActivityManager: setHasOverlayUi called on unknown pid: 11090
05-16 05:37:28.013  1560 16447 W ActivityManager: Unable to start service Intent { act=app.revanced.android.c2dm.intent.REGISTER xflg=0x4 pkg=app.revanced.android.gms } U=0: not found
05-16 05:37:28.014  1560 16447 W ActivityManager: Unbind failed: could not find connection for android.os.BinderProxy@ac733d9
05-16 05:37:34.949  1560  4435 W ActivityManager: Unable to start service Intent { act=app.revanced.android.c2dm.intent.REGISTER xflg=0x4 pkg=app.revanced.android.gms } U=0: not found
05-16 05:37:34.950  1560  4435 W ActivityManager: Unbind failed: could not find connection for android.os.BinderProxy@f001d21
05-16 05:37:41.792  1560  1909 W ActivityTaskManager: callingPackage for (uid=-1, pid=-1) has no WPC
05-16 05:37:41.814  1560  1810 W ActivityManager: Unable to start service Intent { act=app.revanced.android.gms.clearcut.service.START xflg=0x4 pkg=app.revanced.android.gms } U=0: not found
05-16 05:37:41.815  1560  1810 W ActivityManager: Unbind failed: could not find connection for android.os.BinderProxy@50de448
05-16 05:37:41.824  1560  1810 W ActivityManager: Unable to start service Intent { act=app.revanced.android.gms.measurement.START xflg=0x4 pkg=app.revanced.android.gms } U=0: not found
05-16 05:37:41.824  1560  1810 W ActivityManager: Unbind failed: could not find connection for android.os.BinderProxy@7720806
05-16 05:37:43.832  1560  1810 W ActivityManager: Unable to start service Intent { act=app.revanced.android.gms.measurement.START xflg=0x4 pkg=app.revanced.android.gms } U=0: not found
05-16 05:37:43.832  1560  1810 W ActivityManager: Unbind failed: could not find connection for android.os.BinderProxy@41e8426
05-16 05:37:44.087  1560  3982 W ActivityTaskManager: callingPackage for (uid=-1, pid=-1) has no WPC
05-16 05:37:44.165  1560  1810 W ActivityManager: Unable to start service Intent { act=app.revanced.android.c2dm.intent.REGISTER xflg=0x4 pkg=app.revanced.android.gms } U=0: not found
05-16 05:37:44.165  1560  1810 W ActivityManager: Unbind failed: could not find connection for android.os.BinderProxy@e46cfdc
05-16 05:37:44.167  1560  1810 W ActivityManager: Unable to start service Intent { act=app.revanced.android.gms.cast.service.BIND_CAST_DEVICE_CONTROLLER_SERVICE xflg=0x4 pkg=app.revanced.android.gms } U=0: not found
05-16 05:37:44.167  1560  1810 W ActivityManager: Unbind failed: could not find connection for android.os.BinderProxy@7a3b8e5
05-16 05:37:44.172  1560  2159 W ActivityManager: Unable to start service Intent { act=app.revanced.android.gms.measurement.START xflg=0x4 pkg=app.revanced.android.gms } U=0: not found
05-16 05:37:44.173  1560  2159 W ActivityManager: Unbind failed: could not find connection for android.os.BinderProxy@929afba
05-16 05:37:44.254  1560  4435 W ActivityManager: Unable to start service Intent { act=app.revanced.android.c2dm.intent.REGISTER xflg=0x4 pkg=app.revanced.android.gms } U=0: not found
05-16 05:37:44.254  1560  4435 W ActivityManager: Unbind failed: could not find connection for android.os.BinderProxy@553931a
05-16 05:37:44.260  1560  3987 W ActivityManager: Unable to start service Intent { act=app.revanced.android.gms.clearcut.service.START xflg=0x4 pkg=app.revanced.android.gms } U=0: not found
05-16 05:37:44.261  1560  2159 W ActivityManager: Unbind failed: could not find connection for android.os.BinderProxy@fbf06d4
05-16 05:37:48.468  1560  4435 W ActivityManager: Unable to start service Intent { act=app.revanced.android.c2dm.intent.REGISTER xflg=0x4 pkg=app.revanced.android.gms } U=0: not found
05-16 05:37:48.469  1560  4435 W ActivityManager: Unbind failed: could not find connection for android.os.BinderProxy@ba9cf63
05-16 05:38:14.309  1560  3987 W ActivityManager: Unable to start service Intent { act=app.revanced.android.c2dm.intent.REGISTER xflg=0x4 pkg=app.revanced.android.gms } U=0: not found
05-16 05:38:14.310  1560  3987 W ActivityManager: Unbind failed: could not find connection for android.os.BinderProxy@3309fe5
05-16 05:38:14.318  1560  3987 W ActivityManager: Unable to start service Intent { act=app.revanced.android.gms.clearcut.service.START xflg=0x4 pkg=app.revanced.android.gms } U=0: not found
05-16 05:38:14.319  1560  3987 W ActivityManager: Unbind failed: could not find connection for android.os.BinderProxy@c8a0aba
05-16 05:38:15.577  1560  3987 W ActivityManager: Unable to start service Intent { act=app.revanced.android.c2dm.intent.REGISTER xflg=0x4 pkg=app.revanced.android.gms } U=0: not found
05-16 05:38:15.578  1560  4435 W ActivityManager: Unbind failed: could not find connection for android.os.BinderProxy@1505561
05-16 05:38:15.586  1560  4435 W ActivityManager: Unable to start service Intent { act=app.revanced.android.c2dm.intent.REGISTER xflg=0x4 pkg=app.revanced.android.gms } U=0: not found
05-16 05:38:15.586  1560  4435 W ActivityManager: Unbind failed: could not find connection for android.os.BinderProxy@33e1886
05-16 05:38:16.625  1560  3987 W ActivityManager: Unable to start service Intent { act=app.revanced.android.c2dm.intent.REGISTER xflg=0x4 pkg=app.revanced.android.gms } U=0: not found
05-16 05:38:16.627  1560  4435 W ActivityManager: Unbind failed: could not find connection for android.os.BinderProxy@a8d7547
05-16 05:38:18.918  1560  4962 W ActivityManager: Unable to start service Intent { act=app.revanced.android.c2dm.intent.REGISTER xflg=0x4 pkg=app.revanced.android.gms } U=0: not found
05-16 05:38:18.919  1560  4962 W ActivityManager: Unbind failed: could not find connection for android.os.BinderProxy@2d33712
05-16 05:38:25.639  1560  4962 W ActivityManager: Unable to start service Intent { act=app.revanced.android.c2dm.intent.REGISTER xflg=0x4 pkg=app.revanced.android.gms } U=0: not found
05-16 05:38:25.640  1560  4962 W ActivityManager: Unbind failed: could not find connection for android.os.BinderProxy@6954f99
05-16 05:38:38.146  1560 16447 W ActivityManager: Unable to start service Intent { act=app.revanced.android.c2dm.intent.REGISTER xflg=0x4 pkg=app.revanced.android.gms } U=0: not found
05-16 05:38:38.147  1560 16447 W ActivityManager: Unbind failed: could not find connection for android.os.BinderProxy@38a1588
05-16 05:38:44.152  1560  4435 W ActivityManager: Unable to start service Intent { act=app.revanced.android.gms.clearcut.service.START xflg=0x4 pkg=app.revanced.android.gms } U=0: not found
05-16 05:38:44.152  1560  4435 W ActivityManager: Unbind failed: could not find connection for android.os.BinderProxy@2dd4107
05-16 05:38:54.288  1560 16447 W ActivityManager: Unable to start service Intent { act=app.revanced.android.c2dm.intent.REGISTER xflg=0x4 pkg=app.revanced.android.gms } U=0: not found
05-16 05:38:54.288  1560 16447 W ActivityManager: Unbind failed: could not find connection for android.os.BinderProxy@5beccc7
05-16 05:39:14.348  1560  1810 W ActivityManager: Unable to start service Intent { act=app.revanced.android.c2dm.intent.REGISTER xflg=0x4 pkg=app.revanced.android.gms } U=0: not found
05-16 05:39:14.348  1560  1810 W ActivityManager: Unbind failed: could not find connection for android.os.BinderProxy@d989ccb
05-16 05:39:14.353  1560  1810 W ActivityManager: Unable to start service Intent { act=app.revanced.android.gms.clearcut.service.START xflg=0x4 pkg=app.revanced.android.gms } U=0: not found
05-16 05:39:14.354  1560  1810 W ActivityManager: Unbind failed: could not find connection for android.os.BinderProxy@9c2cca8
05-16 05:39:34.001  1560 16447 W ActivityTaskManager: callingPackage for (uid=-1, pid=-1) has no WPC
05-16 05:39:34.013  1560 16447 W ActivityManager: Unable to start service Intent { act=app.revanced.android.gms.clearcut.service.START xflg=0x4 pkg=app.revanced.android.gms } U=0: not found
05-16 05:39:34.013  1560  4962 W ActivityManager: Unbind failed: could not find connection for android.os.BinderProxy@1a1d86f
05-16 05:39:34.021  1560  1810 W ActivityManager: Unable to start service Intent { act=app.revanced.android.gms.measurement.START xflg=0x4 pkg=app.revanced.android.gms } U=0: not found
05-16 05:39:34.021  1560  1810 W ActivityManager: Unbind failed: could not find connection for android.os.BinderProxy@faea205
05-16 05:39:36.024  1560  4435 W ActivityManager: Unable to start service Intent { act=app.revanced.android.gms.measurement.START xflg=0x4 pkg=app.revanced.android.gms } U=0: not found
05-16 05:39:36.025  1560  4435 W ActivityManager: Unbind failed: could not find connection for android.os.BinderProxy@b4df007
05-16 05:41:14.487  1560  1909 W ActivityManager: Unable to start service Intent { act=app.revanced.android.c2dm.intent.REGISTER xflg=0x4 pkg=app.revanced.android.gms } U=0: not found
05-16 05:41:14.488  1560  1909 W ActivityManager: Unbind failed: could not find connection for android.os.BinderProxy@babefcc
05-16 05:41:14.493  1560  1909 W ActivityManager: Unable to start service Intent { act=app.revanced.android.gms.clearcut.service.START xflg=0x4 pkg=app.revanced.android.gms } U=0: not found
05-16 05:41:14.493  1560  1909 W ActivityManager: Unbind failed: could not find connection for android.os.BinderProxy@f0d7215
05-16 05:42:14.478  1560  2453 W ActivityManager: Unable to start service Intent { act=app.revanced.android.gms.clearcut.service.START xflg=0x4 pkg=app.revanced.android.gms } U=0: not found
05-16 05:42:14.479  1560  2453 W ActivityManager: Unbind failed: could not find connection for android.os.BinderProxy@ac25643
05-16 05:43:44.798  1560  1909 W ActivityTaskManager: callingPackage for (uid=-1, pid=-1) has no WPC
05-16 05:43:44.914  1560  1613 W ActivityTaskManager: getAssistContextExtras failed: timeout retrieving from ActivityRecord{161264880 u0 org.telegram.messenger/.DefaultIcon t3980}
05-16 05:44:33.385  1560  4345 W ActivityTaskManager: Force removing ActivityRecord{154185310 u0 com.google.android.apps.nexuslauncher/.NexusLauncherActivity t3998 f}}: app died, no saved state
05-16 05:44:33.404  1560  2453 W ActivityManager: Invalid packageName: com.android.launcher3
05-16 05:44:33.405  1560  4345 W ActivityManager: Invalid packageName: com.google.android.apps.pixel.launcher
05-16 05:44:33.414  1560  1560 W ActivityManager: ProcessRecord{4e68404 0:com.google.android.apps.nexuslauncher/u0a437} is attached to a previous process 11231
05-16 05:44:33.415  1560  2004 W ActivityManager: pid 1560 system sent binder code 13 with flags 1 and got error -32
05-16 05:44:33.416  1560  2453 W ActivityManager: pid 2182 com.android.systemui sent binder code 2 with flags 1 and got error -32
05-16 05:44:33.462  1560  1615 W ActivityManager: setHasOverlayUi called on unknown pid: 11231
05-16 05:44:33.470  1560  1626 W ActivityManager: Slow operation: 55ms so far, now at startProcess: returned from zygote!
05-16 05:44:33.470  1560  1626 W ActivityManager: Slow operation: 55ms so far, now at startProcess: done updating battery stats
05-16 05:44:33.470  1560  1626 W ActivityManager: Slow operation: 55ms so far, now at startProcess: building log message
05-16 05:44:33.470  1560  1626 W ActivityManager: Slow operation: 55ms so far, now at startProcess: starting to update pids map
05-16 05:44:33.470  1560  1626 W ActivityManager: Slow operation: 55ms so far, now at startProcess: done updating pids map
05-16 05:44:34.143  1560  2417 W ActivityTaskManager: callingPackage for (uid=1000, pid=1560) is ambiguous: [android, com.android.providers.settings, org.lineageos.lineagesettings, com.android.server.telecom, com.android.location.fused]
05-16 05:44:39.499  1560  1613 W ActivityTaskManager: getAssistContextExtras failed: timeout retrieving from ActivityRecord{161264880 u0 org.telegram.messenger/.DefaultIcon t3980}
05-16 05:44:44.454  1560  1613 W ActivityTaskManager: getAssistContextExtras failed: timeout retrieving from ActivityRecord{161264880 u0 org.telegram.messenger/.DefaultIcon t3980}
05-16 05:44:49.180  1560 15637 W ActivityTaskManager: Force removing ActivityRecord{196864401 u0 com.google.android.apps.nexuslauncher/.NexusLauncherActivity t4000 f}}: app died, no saved state
05-16 05:44:49.191  1560  3982 W ActivityManager: Invalid packageName: com.android.launcher3
05-16 05:44:49.201  1560  1560 W ActivityManager: ProcessRecord{d096f0c 0:com.google.android.apps.nexuslauncher/u0a437} is attached to a previous process 13590
05-16 05:44:49.204  1560  4962 W ActivityManager: Invalid packageName: com.google.android.apps.pixel.launcher
05-16 05:44:49.220  1560  2004 W ActivityManager: pid 1560 system sent binder code 13 with flags 1 and got error -32
05-16 05:44:49.222  1560  4962 W ActivityManager: pid 2182 com.android.systemui sent binder code 2 with flags 1 and got error -32
05-16 05:44:49.257  1560  1626 W ActivityManager: Slow operation: 56ms so far, now at startProcess: asking zygote to start proc
05-16 05:44:49.259  1560  1615 W ActivityManager: setHasOverlayUi called on unknown pid: 13590
05-16 05:44:49.267  1560  1626 W ActivityManager: Slow operation: 66ms so far, now at startProcess: returned from zygote!
05-16 05:44:49.267  1560  1626 W ActivityManager: Slow operation: 66ms so far, now at startProcess: done updating battery stats
05-16 05:44:49.267  1560  1626 W ActivityManager: Slow operation: 66ms so far, now at startProcess: building log message
05-16 05:44:49.267  1560  1626 W ActivityManager: Slow operation: 66ms so far, now at startProcess: starting to update pids map
05-16 05:44:49.268  1560  1626 W ActivityManager: Slow operation: 66ms so far, now at startProcess: done updating pids map
05-16 05:44:49.705  1560  4169 W ActivityTaskManager: callingPackage for (uid=1000, pid=1560) is ambiguous: [android, com.android.providers.settings, org.lineageos.lineagesettings, com.android.server.telecom, com.android.location.fused]
05-16 05:44:54.150  1560  1613 W ActivityTaskManager: getAssistContextExtras failed: timeout retrieving from ActivityRecord{161264880 u0 org.telegram.messenger/.DefaultIcon t3980}
05-16 05:44:56.771  1560  1909 W ActivityTaskManager: getApplicationThreadForTopActivity failed: Requested task not found
--------- beginning of main
05-16 05:44:56.771  1560  1909 E ActivityTaskManager: Could not find activity for task 3891
05-16 05:44:56.960  1560  1613 W ActivityTaskManager: getAssistContextExtras failed: timeout retrieving from ActivityRecord{237049424 u0 com.zhiliaoapp.musically/com.ss.android.ugc.aweme.splash.SplashActivity t3973}
05-16 05:44:59.175  1560 15953 W ActivityTaskManager: getApplicationThreadForTopActivity failed: Requested task not found
05-16 05:44:59.176  1560 15953 E ActivityTaskManager: Could not find activity for task 3891
05-16 05:45:00.603  1560 15953 W ActivityTaskManager: getApplicationThreadForTopActivity failed: Requested task not found
05-16 05:45:00.603  1560 15953 E ActivityTaskManager: Could not find activity for task 3945
05-16 05:45:03.621  1560  1909 W ActivityTaskManager: callingPackage for (uid=-1, pid=-1) has no WPC
05-16 05:45:06.073  1560  4177 W ActivityTaskManager: callingPackage for (uid=-1, pid=-1) has no WPC
05-16 05:45:06.493 13885 13885 E PineXposed: java.lang.NullPointerException: Attempt to invoke virtual method 'boolean java.lang.Class.isInterface()' on a null object reference
05-16 05:45:06.493 13885 13885 E PineXposed: 	at java.lang.Class.isAssignableFrom(Class.java:874)
05-16 05:45:06.493 13885 13885 E PineXposed: 	at java.lang.Class.isInstance(Class.java:823)
05-16 05:45:06.493 13885 13885 E PineXposed: 	at org.pixel.customparts.addon.recents.RecentsTuneTestAddon$10.beforeHookedMethod(RecentsTuneTestAddon.java:469)
05-16 05:45:06.493 13885 13885 E PineXposed: 	at de.robv.android.xposed.XposedBridge$Handler.beforeCall(XposedBridge.java:312)
05-16 05:45:06.493 13885 13885 E PineXposed: 	at top.canyie.pine.Pine.handleCall(Pine.java:736)
05-16 05:45:06.493 13885 13885 E PineXposed: 	at top.canyie.pine.entry.Arm64Entry.handleBridge(Arm64Entry.java:158)
05-16 05:45:06.493 13885 13885 E PineXposed: 	at top.canyie.pine.entry.Arm64Entry.voidBridge(Arm64Entry.java:23)
05-16 05:45:06.493 13885 13885 E PineXposed: 	at com.android.quickstep.views.TaskView.applyTranslationX(go/retraceme f3a19d912c87c27267cfbc05ba0bc7b202ab72a6648bd76225f5f7e128d94583:20)
05-16 05:45:06.493 13885 13885 E PineXposed: 	at com.android.quickstep.views.TaskView.setSplitSelectTranslationX(go/retraceme f3a19d912c87c27267cfbc05ba0bc7b202ab72a6648bd76225f5f7e128d94583:3)
05-16 05:45:06.493 13885 13885 E PineXposed: 	at com.android.quickstep.views.TaskView.resetViewTransforms(go/retraceme f3a19d912c87c27267cfbc05ba0bc7b202ab72a6648bd76225f5f7e128d94583:26)
05-16 05:45:06.493 13885 13885 E PineXposed: 	at com.android.quickstep.views.RecentsView.resetTaskVisuals(go/retraceme f3a19d912c87c27267cfbc05ba0bc7b202ab72a6648bd76225f5f7e128d94583:1)
05-16 05:45:06.493 13885 13885 E PineXposed: 	at com.android.quickstep.views.RecentsView.resetTaskVisuals(go/retraceme f3a19d912c87c27267cfbc05ba0bc7b202ab72a6648bd76225f5f7e128d94583:10)
05-16 05:45:06.493 13885 13885 E PineXposed: 	at com.android.launcher3.uioverrides.RecentsViewStateController.setState(go/retraceme f3a19d912c87c27267cfbc05ba0bc7b202ab72a6648bd76225f5f7e128d94583:154)
05-16 05:45:06.493 13885 13885 E PineXposed: 	at com.android.launcher3.statemanager.StateManager.goToState(go/retraceme f3a19d912c87c27267cfbc05ba0bc7b202ab72a6648bd76225f5f7e128d94583:33)
05-16 05:45:06.493 13885 13885 E PineXposed: 	at com.android.launcher3.statemanager.StateManager.goToState(go/retraceme f3a19d912c87c27267cfbc05ba0bc7b202ab72a6648bd76225f5f7e128d94583:3)
05-16 05:45:06.493 13885 13885 E PineXposed: 	at com.android.launcher3.statemanager.StateManager.moveToRestState(go/retraceme f3a19d912c87c27267cfbc05ba0bc7b202ab72a6648bd76225f5f7e128d94583:6)
05-16 05:45:06.493 13885 13885 E PineXposed: 	at com.android.launcher3.statemanager.StateManager.moveToRestState(go/retraceme f3a19d912c87c27267cfbc05ba0bc7b202ab72a6648bd76225f5f7e128d94583:2)
05-16 05:45:06.493 13885 13885 E PineXposed: 	at com.android.launcher3.statemanager.StatefulActivity.onStop(go/retraceme f3a19d912c87c27267cfbc05ba0bc7b202ab72a6648bd76225f5f7e128d94583:32)
05-16 05:45:06.493 13885 13885 E PineXposed: 	at com.android.launcher3.Launcher.onStop(go/retraceme f3a19d912c87c27267cfbc05ba0bc7b202ab72a6648bd76225f5f7e128d94583:1)
05-16 05:45:06.493 13885 13885 E PineXposed: 	at com.android.launcher3.uioverrides.QuickstepLauncher.onStop(go/retraceme f3a19d912c87c27267cfbc05ba0bc7b202ab72a6648bd76225f5f7e128d94583:1)
05-16 05:45:06.493 13885 13885 E PineXposed: 	at com.google.android.apps.nexuslauncher.NexusLauncherActivity.onStop(go/retraceme f3a19d912c87c27267cfbc05ba0bc7b202ab72a6648bd76225f5f7e128d94583:1)
05-16 05:45:06.493 13885 13885 E PineXposed: 	at android.app.Instrumentation.callActivityOnStop(Instrumentation.java:1764)
05-16 05:45:06.493 13885 13885 E PineXposed: 	at android.app.Activity.performStop(Activity.java:9599)
05-16 05:45:06.493 13885 13885 E PineXposed: 	at android.app.ActivityThread.callActivityOnStop(ActivityThread.java:6301)
05-16 05:45:06.493 13885 13885 E PineXposed: 	at android.app.ActivityThread.performStopActivityInner(ActivityThread.java:6281)
05-16 05:45:06.493 13885 13885 E PineXposed: 	at android.app.ActivityThread.handleStopActivity(ActivityThread.java:6344)
05-16 05:45:06.493 13885 13885 E PineXposed: 	at android.app.servertransaction.StopActivityItem.execute(StopActivityItem.java:43)
05-16 05:45:06.493 13885 13885 E PineXposed: 	at android.app.servertransaction.ActivityTransactionItem.execute(ActivityTransactionItem.java:63)
05-16 05:45:06.493 13885 13885 E PineXposed: 	at android.app.servertransaction.TransactionExecutor.executeLifecycleItem(TransactionExecutor.java:169)
05-16 05:45:06.493 13885 13885 E PineXposed: 	at android.app.servertransaction.TransactionExecutor.executeTransactionItems(TransactionExecutor.java:101)
05-16 05:45:06.493 13885 13885 E PineXposed: 	at android.app.servertransaction.TransactionExecutor.execute(TransactionExecutor.java:80)
05-16 05:45:06.493 13885 13885 E PineXposed: 	at android.app.ActivityThread$H.handleMessage(ActivityThread.java:2977)
05-16 05:45:06.493 13885 13885 E PineXposed: 	at android.os.Handler.dispatchMessage(Handler.java:132)
05-16 05:45:06.493 13885 13885 E PineXposed: 	at android.os.Looper.dispatchMessage(Looper.java:333)
05-16 05:45:06.493 13885 13885 E PineXposed: 	at android.os.Looper.loopOnce(Looper.java:263)
05-16 05:45:06.493 13885 13885 E PineXposed: 	at android.os.Looper.loop(Looper.java:367)
05-16 05:45:06.493 13885 13885 E PineXposed: 	at android.app.ActivityThread.main(ActivityThread.java:9387)
05-16 05:45:06.493 13885 13885 E PineXposed: 	at java.lang.reflect.Method.invoke(Native Method)
05-16 05:45:06.493 13885 13885 E PineXposed: 	at com.android.internal.os.RuntimeInit$MethodAndArgsCaller.run(RuntimeInit.java:569)
05-16 05:45:06.493 13885 13885 E PineXposed: 	at com.android.internal.os.ZygoteInit.main(ZygoteInit.java:929)
05-16 05:45:06.496 13885 13885 F libc    : Fatal signal 11 (SIGSEGV), code 1 (SEGV_MAPERR), fault addr 0xc in tid 13885 (s.nexuslauncher), pid 13885 (s.nexuslauncher)
05-16 05:45:06.638  1560  2004 W ActivityManager: pid 1560 system sent binder code 13 with flags 1 and got error -32
05-16 05:45:06.641  1560  4169 W ActivityManager: pid 2182 com.android.systemui sent binder code 2 with flags 1 and got error -32
05-16 05:45:06.641  1560  2004 W ActivityManager: pid 1560 system sent binder code 55 with flags 1 and got error -32
05-16 05:45:06.680  1560  4169 W ActivityManager: Scheduling restart of crashed service com.google.android.apps.nexuslauncher/com.android.quickstep.TouchInteractionService in 10000ms for connection
05-16 05:45:06.681  1560  4169 W ActivityManager: Scheduling restart of crashed service com.google.android.apps.nexuslauncher/com.android.launcher3.notification.NotificationListener in 30000ms for connection
05-16 05:45:06.687  1560  1615 W ActivityManager: setHasOverlayUi called on unknown pid: 13885
05-16 05:45:11.045  1560  2440 W ActivityTaskManager: callingPackage for (uid=-1, pid=-1) has no WPC
05-16 05:45:14.345  1560  2440 W ActivityTaskManager: callingPackage for (uid=-1, pid=-1) has no WPC
05-16 05:45:14.467 14477 14477 E AndroidRuntime: FATAL EXCEPTION: main
05-16 05:45:14.467 14477 14477 E AndroidRuntime: Process: com.google.android.apps.nexuslauncher, PID: 14477
05-16 05:45:14.467 14477 14477 E AndroidRuntime: java.lang.IllegalArgumentException: Expected receiver of type android.view.View, but got v9.g
05-16 05:45:14.467 14477 14477 E AndroidRuntime: 	at java.lang.reflect.Method.invoke(Native Method)
05-16 05:45:14.467 14477 14477 E AndroidRuntime: 	at top.canyie.pine.Pine.callBackupMethod(Pine.java:501)
05-16 05:45:14.467 14477 14477 E AndroidRuntime: 	at top.canyie.pine.Pine$CallFrame.invokeOriginalMethod(Pine.java:1092)
05-16 05:45:14.467 14477 14477 E AndroidRuntime: 	at top.canyie.pine.Pine.handleCall(Pine.java:753)
05-16 05:45:14.467 14477 14477 E AndroidRuntime: 	at top.canyie.pine.entry.Arm64Entry.handleBridge(Arm64Entry.java:158)
05-16 05:45:14.467 14477 14477 E AndroidRuntime: 	at top.canyie.pine.entry.Arm64Entry.voidBridge(Arm64Entry.java:23)
05-16 05:45:14.467 14477 14477 E AndroidRuntime: 	at com.android.quickstep.views.TaskView.applyTranslationX(go/retraceme f3a19d912c87c27267cfbc05ba0bc7b202ab72a6648bd76225f5f7e128d94583:20)
05-16 05:45:14.467 14477 14477 E AndroidRuntime: 	at com.android.quickstep.views.TaskView.setTaskOffsetTranslationX(go/retraceme f3a19d912c87c27267cfbc05ba0bc7b202ab72a6648bd76225f5f7e128d94583:3)
05-16 05:45:14.467 14477 14477 E AndroidRuntime: 	at com.android.quickstep.views.TaskView.access$setTaskOffsetTranslationX(go/retraceme f3a19d912c87c27267cfbc05ba0bc7b202ab72a6648bd76225f5f7e128d94583:1)
05-16 05:45:14.467 14477 14477 E AndroidRuntime: 	at com.android.quickstep.views.TaskView$Companion$TASK_OFFSET_TRANSLATION_X$1.set(go/retraceme f3a19d912c87c27267cfbc05ba0bc7b202ab72a6648bd76225f5f7e128d94583:9)
05-16 05:45:14.467 14477 14477 E AndroidRuntime: 	at com.android.launcher3.util.KFloatProperty.setValue(go/retraceme f3a19d912c87c27267cfbc05ba0bc7b202ab72a6648bd76225f5f7e128d94583:7)
05-16 05:45:14.467 14477 14477 E AndroidRuntime: 	at android.util.FloatProperty.set(FloatProperty.java:42)
05-16 05:45:14.467 14477 14477 E AndroidRuntime: 	at com.android.quickstep.views.RecentsView.updatePageOffsets(go/retraceme f3a19d912c87c27267cfbc05ba0bc7b202ab72a6648bd76225f5f7e128d94583:336)
05-16 05:45:14.467 14477 14477 E AndroidRuntime: 	at com.android.quickstep.views.RecentsView.X0(go/retraceme f3a19d912c87c27267cfbc05ba0bc7b202ab72a6648bd76225f5f7e128d94583:1)
05-16 05:45:14.467 14477 14477 E AndroidRuntime: 	at com.android.quickstep.views.RecentsView$10.setValue(go/retraceme f3a19d912c87c27267cfbc05ba0bc7b202ab72a6648bd76225f5f7e128d94583:9)
05-16 05:45:14.467 14477 14477 E AndroidRuntime: 	at com.android.quickstep.views.RecentsView$10.setValue(go/retraceme f3a19d912c87c27267cfbc05ba0bc7b202ab72a6648bd76225f5f7e128d94583:1)
05-16 05:45:14.467 14477 14477 E AndroidRuntime: 	at android.animation.PropertyValuesHolder$FloatPropertyValuesHolder.setAnimatedValue(PropertyValuesHolder.java:1379)
05-16 05:45:14.467 14477 14477 E AndroidRuntime: 	at android.animation.ObjectAnimator.animateValue(ObjectAnimator.java:977)
05-16 05:45:14.467 14477 14477 E AndroidRuntime: 	at android.animation.ValueAnimator.animateBasedOnTime(ValueAnimator.java:1431)
05-16 05:45:14.467 14477 14477 E AndroidRuntime: 	at android.animation.ValueAnimator.doAnimationFrame(ValueAnimator.java:1589)
05-16 05:45:14.467 14477 14477 E AndroidRuntime: 	at android.animation.ValueAnimator.pulseAnimationFrame(ValueAnimator.java:1608)
05-16 05:45:14.467 14477 14477 E AndroidRuntime: 	at android.animation.AnimatorSet.pulseFrame(AnimatorSet.java:1325)
05-16 05:45:14.467 14477 14477 E AndroidRuntime: 	at android.animation.AnimatorSet.doAnimationFrame(AnimatorSet.java:1216)
05-16 05:45:14.467 14477 14477 E AndroidRuntime: 	at android.animation.AnimatorSet.pulseAnimationFrame(AnimatorSet.java:1257)
05-16 05:45:14.467 14477 14477 E AndroidRuntime: 	at android.animation.AnimatorSet.pulseFrame(AnimatorSet.java:1325)
05-16 05:45:14.467 14477 14477 E AndroidRuntime: 	at android.animation.AnimatorSet.doAnimationFrame(AnimatorSet.java:1216)
05-16 05:45:14.467 14477 14477 E AndroidRuntime: 	at android.animation.AnimatorSet.pulseAnimationFrame(AnimatorSet.java:1257)
05-16 05:45:14.467 14477 14477 E AndroidRuntime: 	at android.animation.AnimatorSet.pulseFrame(AnimatorSet.java:1325)
05-16 05:45:14.467 14477 14477 E AndroidRuntime: 	at android.animation.AnimatorSet.doAnimationFrame(AnimatorSet.java:1216)
05-16 05:45:14.467 14477 14477 E AndroidRuntime: 	at android.animation.AnimationHandler.doAnimationFrame(AnimationHandler.java:404)
05-16 05:45:14.467 14477 14477 E AndroidRuntime: 	at android.animation.AnimationHandler.-$$Nest$mdoAnimationFrame(Unknown Source:0)
05-16 05:45:14.467 14477 14477 E AndroidRuntime: 	at android.animation.AnimationHandler$1.doFrame(AnimationHandler.java:106)
05-16 05:45:14.467 14477 14477 E AndroidRuntime: 	at android.view.Choreographer$CallbackRecord.run(Choreographer.java:1645)
05-16 05:45:14.467 14477 14477 E AndroidRuntime: 	at android.view.Choreographer$CallbackRecord.run(Choreographer.java:1656)
05-16 05:45:14.467 14477 14477 E AndroidRuntime: 	at android.view.Choreographer.doCallbacks(Choreographer.java:1252)
05-16 05:45:14.467 14477 14477 E AndroidRuntime: 	at android.view.Choreographer.doFrame(Choreographer.java:1174)
05-16 05:45:14.467 14477 14477 E AndroidRuntime: 	at android.view.Choreographer$FrameDisplayEventReceiver.run(Choreographer.java:1630)
05-16 05:45:14.467 14477 14477 E AndroidRuntime: 	at android.os.Handler.handleCallback(Handler.java:1070)
05-16 05:45:14.467 14477 14477 E AndroidRuntime: 	at android.os.Handler.dispatchMessage(Handler.java:125)
05-16 05:45:14.467 14477 14477 E AndroidRuntime: 	at android.os.Looper.dispatchMessage(Looper.java:333)
05-16 05:45:14.467 14477 14477 E AndroidRuntime: 	at android.os.Looper.loopOnce(Looper.java:263)
05-16 05:45:14.467 14477 14477 E AndroidRuntime: 	at android.os.Looper.loop(Looper.java:367)
05-16 05:45:14.467 14477 14477 E AndroidRuntime: 	at android.app.ActivityThread.main(ActivityThread.java:9387)
05-16 05:45:14.467 14477 14477 E AndroidRuntime: 	at java.lang.reflect.Method.invoke(Native Method)
05-16 05:45:14.467 14477 14477 E AndroidRuntime: 	at com.android.internal.os.RuntimeInit$MethodAndArgsCaller.run(RuntimeInit.java:569)
05-16 05:45:14.467 14477 14477 E AndroidRuntime: 	at com.android.internal.os.ZygoteInit.main(ZygoteInit.java:929)
05-16 05:45:14.473  1560 15637 W ActivityTaskManager:   Not force finishing home activity com.google.android.apps.nexuslauncher/.NexusLauncherActivity
05-16 05:45:14.513  1560  2004 W ActivityManager: pid 1560 system sent binder code 13 with flags 1 and got error -32
05-16 05:45:14.520  1560  2004 W ActivityManager: pid 1560 system sent binder code 55 with flags 1 and got error -32
05-16 05:45:14.551  1560  2440 W ActivityManager: Scheduling restart of crashed service com.google.android.apps.nexuslauncher/com.android.quickstep.TouchInteractionService in 10000ms for connection
05-16 05:45:14.551  1560  2440 W ActivityManager: Scheduling restart of crashed service com.google.android.apps.nexuslauncher/com.android.launcher3.notification.NotificationListener in 120000ms for connection
05-16 05:45:14.555  1560  1615 W ActivityManager: setHasOverlayUi called on unknown pid: 14477
05-16 05:45:14.556  1560  4345 W ActivityManager: pid 1560 system sent binder code 7 with flags 1 and got error -32
05-16 05:45:14.611  1560  1810 W ActivityManager: Unable to start service Intent { act=app.revanced.android.c2dm.intent.REGISTER xflg=0x4 pkg=app.revanced.android.gms } U=0: not found
05-16 05:45:14.612  1560  1810 W ActivityManager: Unbind failed: could not find connection for android.os.BinderProxy@12c4b0d
05-16 05:45:14.616  1560  1810 W ActivityManager: Unable to start service Intent { act=app.revanced.android.gms.clearcut.service.START xflg=0x4 pkg=app.revanced.android.gms } U=0: not found
05-16 05:45:14.616  1560  1810 W ActivityManager: Unbind failed: could not find connection for android.os.BinderProxy@c66b0d3
05-16 05:45:20.695 14759 14759 E PineXposed: java.lang.NullPointerException: Attempt to invoke virtual method 'boolean java.lang.Class.isInterface()' on a null object reference
05-16 05:45:20.695 14759 14759 E PineXposed: 	at java.lang.Class.isAssignableFrom(Class.java:874)
05-16 05:45:20.695 14759 14759 E PineXposed: 	at java.lang.Class.isInstance(Class.java:823)
05-16 05:45:20.695 14759 14759 E PineXposed: 	at org.pixel.customparts.addon.recents.RecentsTuneTestAddon$10.beforeHookedMethod(RecentsTuneTestAddon.java:469)
05-16 05:45:20.695 14759 14759 E PineXposed: 	at de.robv.android.xposed.XposedBridge$Handler.beforeCall(XposedBridge.java:312)
05-16 05:45:20.695 14759 14759 E PineXposed: 	at top.canyie.pine.Pine.handleCall(Pine.java:736)
05-16 05:45:20.695 14759 14759 E PineXposed: 	at top.canyie.pine.entry.Arm64Entry.handleBridge(Arm64Entry.java:158)
05-16 05:45:20.695 14759 14759 E PineXposed: 	at top.canyie.pine.entry.Arm64Entry.voidBridge(Arm64Entry.java:23)
05-16 05:45:20.695 14759 14759 E PineXposed: 	at com.android.quickstep.views.TaskView.applyTranslationX(go/retraceme f3a19d912c87c27267cfbc05ba0bc7b202ab72a6648bd76225f5f7e128d94583:20)
05-16 05:45:20.695 14759 14759 E PineXposed: 	at com.android.quickstep.views.TaskView.setTaskOffsetTranslationX(go/retraceme f3a19d912c87c27267cfbc05ba0bc7b202ab72a6648bd76225f5f7e128d94583:3)
05-16 05:45:20.695 14759 14759 E PineXposed: 	at com.android.quickstep.views.TaskView.access$setTaskOffsetTranslationX(go/retraceme f3a19d912c87c27267cfbc05ba0bc7b202ab72a6648bd76225f5f7e128d94583:1)
05-16 05:45:20.695 14759 14759 E PineXposed: 	at com.android.quickstep.views.TaskView$Companion$TASK_OFFSET_TRANSLATION_X$1.set(go/retraceme f3a19d912c87c27267cfbc05ba0bc7b202ab72a6648bd76225f5f7e128d94583:9)
05-16 05:45:20.695 14759 14759 E PineXposed: 	at com.android.launcher3.util.KFloatProperty.setValue(go/retraceme f3a19d912c87c27267cfbc05ba0bc7b202ab72a6648bd76225f5f7e128d94583:7)
05-16 05:45:20.695 14759 14759 E PineXposed: 	at android.util.FloatProperty.set(FloatProperty.java:42)
05-16 05:45:20.695 14759 14759 E PineXposed: 	at com.android.quickstep.views.RecentsView.updatePageOffsets(go/retraceme f3a19d912c87c27267cfbc05ba0bc7b202ab72a6648bd76225f5f7e128d94583:336)
05-16 05:45:20.695 14759 14759 E PineXposed: 	at com.android.quickstep.views.RecentsView.X0(go/retraceme f3a19d912c87c27267cfbc05ba0bc7b202ab72a6648bd76225f5f7e128d94583:1)
05-16 05:45:20.695 14759 14759 E PineXposed: 	at com.android.quickstep.views.RecentsView$12.setValue(go/retraceme f3a19d912c87c27267cfbc05ba0bc7b202ab72a6648bd76225f5f7e128d94583:4)
05-16 05:45:20.695 14759 14759 E PineXposed: 	at com.android.quickstep.views.RecentsView$12.setValue(go/retraceme f3a19d912c87c27267cfbc05ba0bc7b202ab72a6648bd76225f5f7e128d94583:1)
05-16 05:45:20.695 14759 14759 E PineXposed: 	at android.animation.PropertyValuesHolder$FloatPropertyValuesHolder.setAnimatedValue(PropertyValuesHolder.java:1379)
05-16 05:45:20.695 14759 14759 E PineXposed: 	at android.animation.ObjectAnimator.animateValue(ObjectAnimator.java:977)
05-16 05:45:20.695 14759 14759 E PineXposed: 	at android.animation.ValueAnimator.animateBasedOnTime(ValueAnimator.java:1431)
05-16 05:45:20.695 14759 14759 E PineXposed: 	at android.animation.ValueAnimator.doAnimationFrame(ValueAnimator.java:1589)
05-16 05:45:20.695 14759 14759 E PineXposed: 	at android.animation.ValueAnimator.pulseAnimationFrame(ValueAnimator.java:1608)
05-16 05:45:20.695 14759 14759 E PineXposed: 	at android.animation.AnimatorSet.pulseFrame(AnimatorSet.java:1325)
05-16 05:45:20.695 14759 14759 E PineXposed: 	at android.animation.AnimatorSet.doAnimationFrame(AnimatorSet.java:1216)
05-16 05:45:20.695 14759 14759 E PineXposed: 	at android.animation.AnimationHandler.doAnimationFrame(AnimationHandler.java:404)
05-16 05:45:20.695 14759 14759 E PineXposed: 	at android.animation.AnimationHandler.-$$Nest$mdoAnimationFrame(Unknown Source:0)
05-16 05:45:20.695 14759 14759 E PineXposed: 	at android.animation.AnimationHandler$1.doFrame(AnimationHandler.java:106)
05-16 05:45:20.695 14759 14759 E PineXposed: 	at android.view.Choreographer$CallbackRecord.run(Choreographer.java:1645)
05-16 05:45:20.695 14759 14759 E PineXposed: 	at android.view.Choreographer$CallbackRecord.run(Choreographer.java:1656)
05-16 05:45:20.695 14759 14759 E PineXposed: 	at android.view.Choreographer.doCallbacks(Choreographer.java:1252)
05-16 05:45:20.695 14759 14759 E PineXposed: 	at android.view.Choreographer.doFrame(Choreographer.java:1174)
05-16 05:45:20.695 14759 14759 E PineXposed: 	at android.view.Choreographer$FrameDisplayEventReceiver.run(Choreographer.java:1630)
05-16 05:45:20.695 14759 14759 E PineXposed: 	at android.os.Handler.handleCallback(Handler.java:1070)
05-16 05:45:20.695 14759 14759 E PineXposed: 	at android.os.Handler.dispatchMessage(Handler.java:125)
05-16 05:45:20.695 14759 14759 E PineXposed: 	at android.os.Looper.dispatchMessage(Looper.java:333)
05-16 05:45:20.695 14759 14759 E PineXposed: 	at android.os.Looper.loopOnce(Looper.java:263)
05-16 05:45:20.695 14759 14759 E PineXposed: 	at android.os.Looper.loop(Looper.java:367)
05-16 05:45:20.695 14759 14759 E PineXposed: 	at android.app.ActivityThread.main(ActivityThread.java:9387)
05-16 05:45:20.695 14759 14759 E PineXposed: 	at java.lang.reflect.Method.invoke(Native Method)
05-16 05:45:20.695 14759 14759 E PineXposed: 	at com.android.internal.os.RuntimeInit$MethodAndArgsCaller.run(RuntimeInit.java:569)
05-16 05:45:20.695 14759 14759 E PineXposed: 	at com.android.internal.os.ZygoteInit.main(ZygoteInit.java:929)
05-16 05:45:20.696 14759 14759 F libc    : Fatal signal 11 (SIGSEGV), code 1 (SEGV_MAPERR), fault addr 0xc in tid 14759 (s.nexuslauncher), pid 14759 (s.nexuslauncher)
05-16 05:45:20.838  1560  2004 W ActivityManager: pid 1560 system sent binder code 13 with flags 1 and got error -32
05-16 05:45:20.839  1560  2004 W ActivityManager: pid 1560 system sent binder code 55 with flags 1 and got error -32
05-16 05:45:20.841  1560  3987 W ActivityManager: pid 2182 com.android.systemui sent binder code 2 with flags 1 and got error -32
05-16 05:45:20.850  1560  1616 W ActivityManager: pid 1560 system sent binder code 55 with flags 1 and got error -32
05-16 05:45:20.879  1560  3987 W ActivityManager: Scheduling restart of crashed service com.google.android.apps.nexuslauncher/com.android.quickstep.TouchInteractionService in 10000ms for connection
05-16 05:45:20.879  1560  3987 W ActivityManager: Scheduling restart of crashed service com.google.android.apps.nexuslauncher/com.android.launcher3.notification.NotificationListener in 480000ms for connection
05-16 05:45:20.889  1560  2159 W ActivityManager: pid 1560 system sent binder code 56 with flags 1 and got error -32
05-16 05:45:20.895  1560  1615 W ActivityManager: setHasOverlayUi called on unknown pid: 14759
05-16 05:45:20.898  1560 16447 W ActivityManager: pid 1560 system sent binder code 7 with flags 1 and got error -32
05-16 05:45:23.983  1560  2159 W ActivityTaskManager: callingPackage for (uid=-1, pid=-1) has no WPC
05-16 05:45:25.750  1560 16447 W ActivityTaskManager: callingPackage for (uid=-1, pid=-1) has no WPC
05-16 05:45:27.989  1560  4435 W ActivityTaskManager: callingPackage for (uid=-1, pid=-1) has no WPC
05-16 05:45:32.263  1560  2159 W ActivityTaskManager: callingPackage for (uid=-1, pid=-1) has no WPC
05-16 05:45:38.150  1560  2453 W ActivityTaskManager: callingPackage for (uid=-1, pid=-1) has no WPC
05-16 05:45:40.841  1560  4435 W ActivityTaskManager: callingPackage for (uid=-1, pid=-1) has no WPC
2026-05-16 05:45:45.695 app crash log failed: read interrupted by close() on another thread
2026-05-16 05:45:45.698 stopped app crash log
